=== Daily update started: Sun Apr 26 04:02:54 CDT 2026 ===
--- mlb-newspaper/update.py ---

Fetching 2026-04-25...
  Boston Red Sox @ Baltimore Orioles ... ok
  Seattle Mariners @ St. Louis Cardinals ... ok
  Cleveland Guardians @ Toronto Blue Jays ... ok
  Miami Marlins @ San Francisco Giants ... ok
  Minnesota Twins @ Tampa Bay Rays ... ok
  Washington Nationals @ Chicago White Sox ... ok
  San Diego Padres @ Arizona Diamondbacks ... ok
  Athletics @ Texas Rangers ... ok
  Los Angeles Angels @ Kansas City Royals ... ok
  New York Yankees @ Houston Astros ... ok
  Pittsburgh Pirates @ Milwaukee Brewers ... ok
  Detroit Tigers @ Cincinnati Reds ... ok
  Chicago Cubs @ Los Angeles Dodgers ... ok
  Philadelphia Phillies @ Atlanta Braves ... ok
  Colorado Rockies @ New York Mets ... ERROR: ('Connection aborted.', ConnectionResetError(54, 'Connection reset by peer'))
  Fetching standings for 2026-04-25... ok
  Fetching leaders for 2026-04-25... ok
  14 games fetched.

Refreshing probables 2026-04-26 → 2026-05-03... ok
  Cache saved (2410 KB)

Generating HTML...
Done -> index.html (2360 KB)

Usage:
  python3 update.py                   # yesterday
  python3 update.py 2026-03-24        # specific date
  python3 update.py --schedule 2026   # load full season schedule
  python3 update.py --clear-year 2025 # remove a year from cache
  python3 update.py --rebuild         # regenerate HTML from cache
--- mlb-newspaper/update_nyt.py ---
Generating nyt.html...
Done -> nyt.html (2359 KB)
--- nba-importance/update.py ---

🏀 NBA Tracker
========================================
📡 Fetching game results from NBA API...
   Regular Season: 1230 games
   PlayIn: 6 games
   Playoffs: 26 games
   ✅ 1257 completed games found.
🧮 Calculating SRS...
   ✅ SRS calculated.
📡 Fetching current standings...
   ✅ Standings fetched for 30 teams.
🔍 Detecting season mode...
   ✅ Mode: PLAYOFFS (completed games found)
📡 Fetching play-in data...
   ✅ 6 play-in games found.
📡 Fetching playoff series data...
   ✅ 9 playoff series found (via schedule).
🎲 Running Monte Carlo (10,000 simulations)...
   ✅ Done. Top 3: [('OKC', 0.4165), ('SAS', 0.2483), ('BOS', 0.1599)]
🎨 Building playoff HTML...
   ✅ playoff.html updated.

========================================
✅ Done! Open playoff.html in your browser.
   index.html now redirects to playoff.html.
--- git ---
fatal: Unable to read current working directory: Operation not permitted
fatal: Unable to read current working directory: Operation not permitted
fatal: Unable to read current working directory: Operation not permitted
fatal: Unable to read current working directory: Operation not permitted
Pushed to GitHub.
=== Done: Sun Apr 26 04:14:18 CDT 2026 ===
