=== Daily update started: Tue May 12 04:00:34 CDT 2026 ===
--- mlb-newspaper/update.py ---

Fetching 2026-05-11...
  Los Angeles Angels @ Cleveland Guardians ... ok
  New York Yankees @ Baltimore Orioles ... ok
  Tampa Bay Rays @ Toronto Blue Jays ... ok
  Arizona Diamondbacks @ Texas Rangers ... ok
  Seattle Mariners @ Houston Astros ... ok
  San Francisco Giants @ Los Angeles Dodgers ... ok
  Fetching standings for 2026-05-11... ok
  Fetching leaders for 2026-05-11... ok
  6 games fetched.

Refreshing probables 2026-05-12 → 2026-05-19... ok
  Cache saved (3429 KB)

Generating HTML...
Done -> index.html (3336 KB)

Usage:
  python3 update.py                   # yesterday
  python3 update.py 2026-03-24        # specific date
  python3 update.py --schedule 2026   # load full season schedule
  python3 update.py --clear-year 2025 # remove a year from cache
  python3 update.py --rebuild         # regenerate HTML from cache
--- mlb-newspaper/update_nyt.py ---
Generating nyt.html...
Done -> nyt.html (3335 KB)
--- nba-importance/update.py ---

🏀 NBA Tracker
========================================
📡 Fetching game results from NBA API...
   Regular Season: 1230 games
   PlayIn: 6 games
   Playoffs: 64 games
   ✅ 1295 completed games found.
🧮 Calculating SRS...
   ✅ SRS calculated.
📡 Fetching current standings...
   ✅ Standings fetched for 30 teams.
🔍 Detecting season mode...
   ✅ Mode: PLAYOFFS (completed games found)
📡 Fetching play-in data...
   ✅ 6 play-in games found.
📡 Fetching playoff series data...
   ✅ 13 playoff series found (via schedule).
🎲 Running Monte Carlo (10,000 simulations)...
   ✅ Done. Top 3: [('OKC', 0.5238), ('SAS', 0.2082), ('NYK', 0.1254)]
🎨 Building playoff HTML...
   ✅ playoff.html updated.

========================================
✅ Done! Open playoff.html in your browser.
   index.html now redirects to playoff.html.
--- git ---
fatal: Unable to read current working directory: Operation not permitted
fatal: Unable to read current working directory: Operation not permitted
fatal: Unable to read current working directory: Operation not permitted
fatal: Unable to read current working directory: Operation not permitted
Pushed to GitHub.
=== Done: Tue May 12 04:09:43 CDT 2026 ===
