=== Daily update started: Mon Apr 27 04:00:17 CDT 2026 ===
--- mlb-newspaper/update.py ---

Fetching 2026-04-26...
  Boston Red Sox @ Baltimore Orioles ... ok
  Philadelphia Phillies @ Atlanta Braves ... ok
  Cleveland Guardians @ Toronto Blue Jays ... ok
  Detroit Tigers @ Cincinnati Reds ... ok
  Colorado Rockies @ New York Mets ... ok
  Colorado Rockies @ New York Mets ... ok
  Minnesota Twins @ Tampa Bay Rays ... ok
  Washington Nationals @ Chicago White Sox ... ok
  New York Yankees @ Houston Astros ... ok
  Pittsburgh Pirates @ Milwaukee Brewers ... ok
  Seattle Mariners @ St. Louis Cardinals ... ok
  Athletics @ Texas Rangers ... ok
  San Diego Padres @ Arizona Diamondbacks ... ok
  Miami Marlins @ San Francisco Giants ... ok
  Los Angeles Angels @ Kansas City Royals ... ok
  Chicago Cubs @ Los Angeles Dodgers ... ok
  Fetching standings for 2026-04-26... ok
  Fetching leaders for 2026-04-26... ok
  16 games fetched.

Refreshing probables 2026-04-27 → 2026-05-04... ok
  Cache saved (2484 KB)

Generating HTML...
Done -> index.html (2431 KB)

Usage:
  python3 update.py                   # yesterday
  python3 update.py 2026-03-24        # specific date
  python3 update.py --schedule 2026   # load full season schedule
  python3 update.py --clear-year 2025 # remove a year from cache
  python3 update.py --rebuild         # regenerate HTML from cache
--- mlb-newspaper/update_nyt.py ---
Generating nyt.html...
Done -> nyt.html (2430 KB)
--- nba-importance/update.py ---

🏀 NBA Tracker
========================================
📡 Fetching game results from NBA API...
   Regular Season: 1230 games
   PlayIn: 6 games
   Playoffs: 30 games
   ✅ 1261 completed games found.
🧮 Calculating SRS...
   ✅ SRS calculated.
📡 Fetching current standings...
   ✅ Standings fetched for 30 teams.
🔍 Detecting season mode...
   ✅ Mode: PLAYOFFS (completed games found)
📡 Fetching play-in data...
   ✅ 6 play-in games found.
📡 Fetching playoff series data...
   ✅ 9 playoff series found (via schedule).
🎲 Running Monte Carlo (10,000 simulations)...
   ✅ Done. Top 3: [('OKC', 0.3947), ('SAS', 0.2713), ('BOS', 0.1795)]
🎨 Building playoff HTML...
   ✅ playoff.html updated.

========================================
✅ Done! Open playoff.html in your browser.
   index.html now redirects to playoff.html.
--- git ---
fatal: Unable to read current working directory: Operation not permitted
fatal: Unable to read current working directory: Operation not permitted
fatal: Unable to read current working directory: Operation not permitted
fatal: Unable to read current working directory: Operation not permitted
Pushed to GitHub.
=== Done: Mon Apr 27 04:00:50 CDT 2026 ===
