=== Daily update started: Tue Jun 16 04:07:27 CDT 2026 ===
--- mlb-newspaper/update.py ---

Fetching 2026-06-15...
  Miami Marlins @ Philadelphia Phillies ... ok
  Kansas City Royals @ Washington Nationals ... ok
  New York Mets @ Cincinnati Reds ... ok
  San Diego Padres @ St. Louis Cardinals ... ok
  Colorado Rockies @ Chicago Cubs ... ok
  Minnesota Twins @ Texas Rangers ... ok
  Detroit Tigers @ Houston Astros ... ok
  Los Angeles Angels @ Arizona Diamondbacks ... ok
  Pittsburgh Pirates @ Athletics ... ok
  Tampa Bay Rays @ Los Angeles Dodgers ... ok
  Fetching standings for 2026-06-15... ok
  Fetching leaders for 2026-06-15... ERROR: ('Connection aborted.', ConnectionResetError(54, 'Connection reset by peer'))
  10 games fetched.

Refreshing probables 2026-06-16 → 2026-06-23... ok
  Cache saved (5586 KB)

Generating HTML...
Done -> index.html (4041 KB)

Usage:
  python3 update.py                   # yesterday
  python3 update.py 2026-03-24        # specific date
  python3 update.py --schedule 2026   # load full season schedule
  python3 update.py --clear-year 2025 # remove a year from cache
  python3 update.py --rebuild         # regenerate HTML from cache
--- mlb-newspaper/update_nyt.py ---
Generating nyt.html...
Done -> nyt.html (4040 KB)
--- nba-importance/update.py ---

🏀 NBA Tracker
========================================
📡 Fetching game results from NBA API...
   Regular Season: 1230 games
   PlayIn: 6 games
   Playoffs: 85 games
   ✅ 1316 completed games found.
🧮 Calculating SRS...
   ✅ SRS calculated.
📡 Fetching current standings...
   ✅ Standings fetched for 30 teams.
🔍 Detecting season mode...
   ✅ Mode: PLAYOFFS (completed games found)
📡 Fetching play-in data...
   ✅ 6 play-in games found.
📡 Fetching playoff series data...
   ✅ 15 playoff series found (via schedule).
🎲 Running Monte Carlo (10,000 simulations)...
   ✅ Done. Top 3: [('NYK', 1.0)]
🎨 Building playoff HTML...
   ✅ playoff.html updated.

========================================
✅ Done! Open playoff.html in your browser.
   index.html now redirects to playoff.html.
--- git ---
fatal: Unable to read current working directory: Operation not permitted
fatal: Unable to read current working directory: Operation not permitted
fatal: Unable to read current working directory: Operation not permitted
fatal: Unable to read current working directory: Operation not permitted
Pushed to GitHub.
=== Done: Tue Jun 16 04:47:15 CDT 2026 ===
