=== Daily update started: Tue Jun  2 04:05:48 CDT 2026 ===
--- mlb-newspaper/update.py ---

Fetching 2026-06-01...
  Detroit Tigers @ Tampa Bay Rays ... ok
  Miami Marlins @ Washington Nationals ... ERROR: ('Connection aborted.', ConnectionResetError(54, 'Connection reset by peer'))
  Kansas City Royals @ Cincinnati Reds ... ok
  Chicago White Sox @ Minnesota Twins ... ok
  San Francisco Giants @ Milwaukee Brewers ... ok
  Texas Rangers @ St. Louis Cardinals ... ok
  Colorado Rockies @ Los Angeles Angels ... ok
  Los Angeles Dodgers @ Arizona Diamondbacks ... ok
  New York Mets @ Seattle Mariners ... ok
  Fetching standings for 2026-06-01... ok
  Fetching leaders for 2026-06-01... ok
  8 games fetched.

Refreshing probables 2026-06-02 → 2026-06-09... ok
  Cache saved (4784 KB)

Generating HTML...
Done -> index.html (4162 KB)

Usage:
  python3 update.py                   # yesterday
  python3 update.py 2026-03-24        # specific date
  python3 update.py --schedule 2026   # load full season schedule
  python3 update.py --clear-year 2025 # remove a year from cache
  python3 update.py --rebuild         # regenerate HTML from cache
--- mlb-newspaper/update_nyt.py ---
Generating nyt.html...
Done -> nyt.html (4161 KB)
--- nba-importance/update.py ---

🏀 NBA Tracker
========================================
📡 Fetching game results from NBA API...
   Regular Season: 1230 games
   PlayIn: 6 games
   Playoffs: 80 games
   ✅ 1311 completed games found.
🧮 Calculating SRS...
   ✅ SRS calculated.
📡 Fetching current standings...
   ✅ Standings fetched for 30 teams.
🔍 Detecting season mode...
   ✅ Mode: PLAYOFFS (completed games found)
📡 Fetching play-in data...
   ✅ 6 play-in games found.
📡 Fetching playoff series data...
   ✅ 15 playoff series found (via schedule).
🎲 Running Monte Carlo (10,000 simulations)...
   ✅ Done. Top 3: [('SAS', 0.6857), ('NYK', 0.3143)]
🎨 Building playoff HTML...
   ✅ playoff.html updated.

========================================
✅ Done! Open playoff.html in your browser.
   index.html now redirects to playoff.html.
--- git ---
fatal: Unable to read current working directory: Operation not permitted
fatal: Unable to read current working directory: Operation not permitted
fatal: Unable to read current working directory: Operation not permitted
fatal: Unable to read current working directory: Operation not permitted
Pushed to GitHub.
=== Done: Tue Jun  2 04:47:06 CDT 2026 ===
