=== Daily update started: Wed May 27 04:09:55 CDT 2026 ===
--- mlb-newspaper/update.py ---

Fetching 2026-05-26...
  Washington Nationals @ Cleveland Guardians ... ok
  Tampa Bay Rays @ Baltimore Orioles ... ok
  Los Angeles Angels @ Detroit Tigers ... ok
  Chicago Cubs @ Pittsburgh Pirates ... ok
  Atlanta Braves @ Boston Red Sox ... ok
  Miami Marlins @ Toronto Blue Jays ... ok
  Cincinnati Reds @ New York Mets ... ok
  Minnesota Twins @ Chicago White Sox ... ok
  New York Yankees @ Kansas City Royals ... ok
  St. Louis Cardinals @ Milwaukee Brewers ... ok
  Houston Astros @ Texas Rangers ... ok
  Seattle Mariners @ Athletics ... ok
  Philadelphia Phillies @ San Diego Padres ... ok
  Arizona Diamondbacks @ San Francisco Giants ... ok
  Colorado Rockies @ Los Angeles Dodgers ... ok
  Fetching standings for 2026-05-26... ok
  Fetching leaders for 2026-05-26... ERROR: HTTPSConnectionPool(host='statsapi.mlb.com', port=443): Read timed out. (read timeout=20)
  15 games fetched.

Refreshing probables 2026-05-27 → 2026-06-03... ok
  Cache saved (4419 KB)

Generating HTML...
Done -> index.html (4182 KB)

Usage:
  python3 update.py                   # yesterday
  python3 update.py 2026-03-24        # specific date
  python3 update.py --schedule 2026   # load full season schedule
  python3 update.py --clear-year 2025 # remove a year from cache
  python3 update.py --rebuild         # regenerate HTML from cache
--- mlb-newspaper/update_nyt.py ---
Generating nyt.html...
Done -> nyt.html (4181 KB)
--- nba-importance/update.py ---

🏀 NBA Tracker
========================================
📡 Fetching game results from NBA API...
   Regular Season: 1230 games
   PlayIn: 6 games
   Playoffs: 78 games
   ✅ 1309 completed games found.
🧮 Calculating SRS...
   ✅ SRS calculated.
📡 Fetching current standings...
   ✅ Standings fetched for 30 teams.
🔍 Detecting season mode...
   ✅ Mode: PLAYOFFS (completed games found)
📡 Fetching play-in data...
   ✅ 6 play-in games found.
📡 Fetching playoff series data...
   ✅ 15 playoff series found (via schedule).
🎲 Running Monte Carlo (10,000 simulations)...
   ✅ Done. Top 3: [('OKC', 0.5709), ('NYK', 0.2872), ('SAS', 0.1419)]
🎨 Building playoff HTML...
   ✅ playoff.html updated.

========================================
✅ Done! Open playoff.html in your browser.
   index.html now redirects to playoff.html.
--- git ---
fatal: Unable to read current working directory: Operation not permitted
fatal: Unable to read current working directory: Operation not permitted
fatal: Unable to read current working directory: Operation not permitted
fatal: Unable to read current working directory: Operation not permitted
Pushed to GitHub.
=== Done: Wed May 27 05:01:01 CDT 2026 ===
