=== Daily update started: Mon Jun  8 04:02:47 CDT 2026 ===
--- mlb-newspaper/update.py ---

Fetching 2026-06-07...
  Pittsburgh Pirates @ Atlanta Braves ... ok
  Chicago White Sox @ Philadelphia Phillies ... ok
  Boston Red Sox @ New York Yankees ... ok
  Baltimore Orioles @ Toronto Blue Jays ... ok
  Seattle Mariners @ Detroit Tigers ... ok
  Tampa Bay Rays @ Miami Marlins ... ok
  Athletics @ Houston Astros ... ok
  Kansas City Royals @ Minnesota Twins ... ok
  Cincinnati Reds @ St. Louis Cardinals ... ok
  Cleveland Guardians @ Texas Rangers ... ok
  Milwaukee Brewers @ Colorado Rockies ... ok
  Washington Nationals @ Arizona Diamondbacks ... ok
  Los Angeles Angels @ Los Angeles Dodgers ... ok
  New York Mets @ San Diego Padres ... ok
  San Francisco Giants @ Chicago Cubs ... ok
  Fetching standings for 2026-06-07... ok
  Fetching leaders for 2026-06-07... ERROR: HTTPSConnectionPool(host='statsapi.mlb.com', port=443): Read timed out. (read timeout=20)
  15 games fetched.

Refreshing probables 2026-06-08 → 2026-06-15... ok
  Cache saved (5113 KB)

Generating HTML...
Done -> index.html (4106 KB)

Usage:
  python3 update.py                   # yesterday
  python3 update.py 2026-03-24        # specific date
  python3 update.py --schedule 2026   # load full season schedule
  python3 update.py --clear-year 2025 # remove a year from cache
  python3 update.py --rebuild         # regenerate HTML from cache
--- mlb-newspaper/update_nyt.py ---
Generating nyt.html...
Done -> nyt.html (4105 KB)
--- nba-importance/update.py ---

🏀 NBA Tracker
========================================
📡 Fetching game results from NBA API...
   Regular Season: 1230 games
   PlayIn: 6 games
   Playoffs: 82 games
   ✅ 1313 completed games found.
🧮 Calculating SRS...
   ✅ SRS calculated.
📡 Fetching current standings...
   ✅ Standings fetched for 30 teams.
🔍 Detecting season mode...
   ✅ Mode: PLAYOFFS (completed games found)
📡 Fetching play-in data...
   ✅ 6 play-in games found.
📡 Fetching playoff series data...
   ✅ 15 playoff series found (via schedule).
🎲 Running Monte Carlo (10,000 simulations)...
   ✅ Done. Top 3: [('NYK', 0.7643), ('SAS', 0.2357)]
🎨 Building playoff HTML...
   ✅ playoff.html updated.

========================================
✅ Done! Open playoff.html in your browser.
   index.html now redirects to playoff.html.
--- git ---
fatal: Unable to read current working directory: Operation not permitted
fatal: Unable to read current working directory: Operation not permitted
fatal: Unable to read current working directory: Operation not permitted
fatal: Unable to read current working directory: Operation not permitted
Pushed to GitHub.
=== Done: Mon Jun  8 04:40:39 CDT 2026 ===
