=== Daily update started: Fri May  8 04:04:45 CDT 2026 ===
--- mlb-newspaper/update.py ---

Fetching 2026-05-07...
  Texas Rangers @ New York Yankees ... ok
  Minnesota Twins @ Washington Nationals ... ok
  Cleveland Guardians @ Kansas City Royals ... ok
  Cincinnati Reds @ Chicago Cubs ... ok
  New York Mets @ Colorado Rockies ... ok
  Pittsburgh Pirates @ Arizona Diamondbacks ... ok
  Athletics @ Philadelphia Phillies ... ok
  Baltimore Orioles @ Miami Marlins ... ok
  Tampa Bay Rays @ Boston Red Sox ... ok
  St. Louis Cardinals @ San Diego Padres ... ok
  Fetching standings for 2026-05-07... ok
  Fetching leaders for 2026-05-07... ERROR: HTTPSConnectionPool(host='statsapi.mlb.com', port=443): Read timed out. (read timeout=20)
  10 games fetched.

Refreshing probables 2026-05-08 → 2026-05-15... ok
  Cache saved (3191 KB)

Generating HTML...
Done -> index.html (3108 KB)

Usage:
  python3 update.py                   # yesterday
  python3 update.py 2026-03-24        # specific date
  python3 update.py --schedule 2026   # load full season schedule
  python3 update.py --clear-year 2025 # remove a year from cache
  python3 update.py --rebuild         # regenerate HTML from cache
--- mlb-newspaper/update_nyt.py ---
Generating nyt.html...
Done -> nyt.html (3107 KB)
--- nba-importance/update.py ---

🏀 NBA Tracker
========================================
📡 Fetching game results from NBA API...
   Regular Season: 1230 games
   PlayIn: 6 games
   Playoffs: 56 games
   ✅ 1287 completed games found.
🧮 Calculating SRS...
   ✅ SRS calculated.
📡 Fetching current standings...
   ✅ Standings fetched for 30 teams.
🔍 Detecting season mode...
   ✅ Mode: PLAYOFFS (completed games found)
📡 Fetching play-in data...
   ✅ 6 play-in games found.
📡 Fetching playoff series data...
   ✅ 13 playoff series found (via schedule).
🎲 Running Monte Carlo (10,000 simulations)...
   ✅ Done. Top 3: [('OKC', 0.4758), ('SAS', 0.2316), ('DET', 0.1934)]
🎨 Building playoff HTML...
   ✅ playoff.html updated.

========================================
✅ Done! Open playoff.html in your browser.
   index.html now redirects to playoff.html.
--- git ---
fatal: Unable to read current working directory: Operation not permitted
fatal: Unable to read current working directory: Operation not permitted
fatal: Unable to read current working directory: Operation not permitted
fatal: Unable to read current working directory: Operation not permitted
Pushed to GitHub.
=== Done: Fri May  8 04:19:05 CDT 2026 ===
