=== Daily update started: Thu Jun 11 04:01:51 CDT 2026 ===
--- mlb-newspaper/update.py ---

Fetching 2026-06-10...
  Boston Red Sox @ Tampa Bay Rays ... ok
  New York Yankees @ Cleveland Guardians ... ok
  Washington Nationals @ San Francisco Giants ... ok
  Cincinnati Reds @ San Diego Padres ... ERROR: HTTPSConnectionPool(host='statsapi.mlb.com', port=443): Read timed out.
  Seattle Mariners @ Baltimore Orioles ... ok
  Los Angeles Dodgers @ Pittsburgh Pirates ... ERROR: HTTPSConnectionPool(host='statsapi.mlb.com', port=443): Read timed out. (read timeout=20)
  Minnesota Twins @ Detroit Tigers ... ok
  Arizona Diamondbacks @ Miami Marlins ... ok
  Philadelphia Phillies @ Toronto Blue Jays ... ok
  St. Louis Cardinals @ New York Mets ... ok
  Texas Rangers @ Kansas City Royals ... ERROR: HTTPSConnectionPool(host='statsapi.mlb.com', port=443): Read timed out. (read timeout=20)
  Atlanta Braves @ Chicago White Sox ... ok
  Chicago Cubs @ Colorado Rockies ... ok
  Milwaukee Brewers @ Athletics ... ok
  Houston Astros @ Los Angeles Angels ... ok
  Fetching standings for 2026-06-10... ok
  Fetching leaders for 2026-06-10... ok
  12 games fetched.

Refreshing probables 2026-06-11 → 2026-06-18... ok
  Cache saved (5292 KB)

Generating HTML...
Done -> index.html (4105 KB)

Usage:
  python3 update.py                   # yesterday
  python3 update.py 2026-03-24        # specific date
  python3 update.py --schedule 2026   # load full season schedule
  python3 update.py --clear-year 2025 # remove a year from cache
  python3 update.py --rebuild         # regenerate HTML from cache
--- mlb-newspaper/update_nyt.py ---
Generating nyt.html...
Done -> nyt.html (4104 KB)
--- nba-importance/update.py ---

🏀 NBA Tracker
========================================
📡 Fetching game results from NBA API...
   Regular Season: 1230 games
   PlayIn: 6 games
   Playoffs: 84 games
   ✅ 1315 completed games found.
🧮 Calculating SRS...
   ✅ SRS calculated.
📡 Fetching current standings...
   ✅ Standings fetched for 30 teams.
🔍 Detecting season mode...
   ✅ Mode: PLAYOFFS (completed games found)
📡 Fetching play-in data...
   ✅ 6 play-in games found.
📡 Fetching playoff series data...
   ScheduleLeagueV2 error: HTTPSConnectionPool(host='stats.nba.com', port=443): Read timed out. (read timeout=60)
   ScheduleLeagueV2 had no playoff games — building from completed results...
   ✅ 15 playoff series found (via completed games).
🎲 Running Monte Carlo (10,000 simulations)...
   ✅ Done. Top 3: [('NYK', 0.7945), ('SAS', 0.2055)]
🎨 Building playoff HTML...
   ✅ playoff.html updated.

========================================
✅ Done! Open playoff.html in your browser.
   index.html now redirects to playoff.html.
--- git ---
fatal: Unable to read current working directory: Operation not permitted
fatal: Unable to read current working directory: Operation not permitted
fatal: Unable to read current working directory: Operation not permitted
fatal: Unable to read current working directory: Operation not permitted
Pushed to GitHub.
=== Done: Thu Jun 11 05:00:50 CDT 2026 ===
