=== Daily update started: Fri May 22 04:02:42 CDT 2026 ===
--- mlb-newspaper/update.py ---

Fetching 2026-05-21...
  Cleveland Guardians @ Detroit Tigers ... ok
  Pittsburgh Pirates @ St. Louis Cardinals ... ERROR: HTTPSConnectionPool(host='statsapi.mlb.com', port=443): Read timed out. (read timeout=20)
  New York Mets @ Washington Nationals ... ok
  Atlanta Braves @ Miami Marlins ... ok
  Toronto Blue Jays @ New York Yankees ... ok
  Athletics @ Los Angeles Angels ... ok
  Colorado Rockies @ Arizona Diamondbacks ... ok
  Fetching standings for 2026-05-21... ok
  Fetching leaders for 2026-05-21... ok
  6 games fetched.

Refreshing probables 2026-05-22 → 2026-05-29... ok
  Cache saved (4086 KB)

Generating HTML...
Done -> index.html (3965 KB)

Usage:
  python3 update.py                   # yesterday
  python3 update.py 2026-03-24        # specific date
  python3 update.py --schedule 2026   # load full season schedule
  python3 update.py --clear-year 2025 # remove a year from cache
  python3 update.py --rebuild         # regenerate HTML from cache
--- mlb-newspaper/update_nyt.py ---
Generating nyt.html...
Done -> nyt.html (3965 KB)
--- nba-importance/update.py ---

🏀 NBA Tracker
========================================
📡 Fetching game results from NBA API...
   Regular Season: 1230 games
   PlayIn: 6 games
   Playoffs: 73 games
   ✅ 1304 completed games found.
🧮 Calculating SRS...
   ✅ SRS calculated.
📡 Fetching current standings...
   ✅ Standings fetched for 30 teams.
🔍 Detecting season mode...
   ✅ Mode: PLAYOFFS (completed games found)
📡 Fetching play-in data...
   ScheduleLeagueV2 failed for play-in: HTTPSConnectionPool(host='stats.nba.com', port=443): Read timed out. (read timeout=60)
📡 Fetching playoff series data...
   ✅ 15 playoff series found (via schedule).
🎲 Running Monte Carlo (10,000 simulations)...
   ✅ Done. Top 3: [('OKC', 0.3906), ('SAS', 0.3605), ('NYK', 0.2329)]
🎨 Building playoff HTML...
   ✅ playoff.html updated.

========================================
✅ Done! Open playoff.html in your browser.
   index.html now redirects to playoff.html.
--- git ---
fatal: Unable to read current working directory: Operation not permitted
fatal: Unable to read current working directory: Operation not permitted
fatal: Unable to read current working directory: Operation not permitted
fatal: Unable to read current working directory: Operation not permitted
Pushed to GitHub.
=== Done: Fri May 22 05:09:49 CDT 2026 ===
