=== Daily update started: Mon May 18 04:02:17 CDT 2026 ===
--- mlb-newspaper/update.py ---

Fetching 2026-05-17...
  Miami Marlins @ Tampa Bay Rays ... ok
  Baltimore Orioles @ Washington Nationals ... ok
  Philadelphia Phillies @ Pittsburgh Pirates ... ok
  Boston Red Sox @ Atlanta Braves ... ok
  Cincinnati Reds @ Cleveland Guardians ... ok
  Toronto Blue Jays @ Detroit Tigers ... ok
  New York Yankees @ New York Mets ... ok
  Texas Rangers @ Houston Astros ... ok
  Chicago Cubs @ Chicago White Sox ... ok
  Milwaukee Brewers @ Minnesota Twins ... ok
  Kansas City Royals @ St. Louis Cardinals ... ok
  Arizona Diamondbacks @ Colorado Rockies ... ok
  San Francisco Giants @ Athletics ... ok
  Los Angeles Dodgers @ Los Angeles Angels ... ok
  San Diego Padres @ Seattle Mariners ... ERROR: ('Connection aborted.', ConnectionResetError(54, 'Connection reset by peer'))
  Fetching standings for 2026-05-17... ok
  Fetching leaders for 2026-05-17... ok
  14 games fetched.

Refreshing probables 2026-05-18 → 2026-05-25... ok
  Cache saved (3835 KB)

Generating HTML...
Done -> index.html (3724 KB)

Usage:
  python3 update.py                   # yesterday
  python3 update.py 2026-03-24        # specific date
  python3 update.py --schedule 2026   # load full season schedule
  python3 update.py --clear-year 2025 # remove a year from cache
  python3 update.py --rebuild         # regenerate HTML from cache
--- mlb-newspaper/update_nyt.py ---
Generating nyt.html...
Done -> nyt.html (3724 KB)
--- nba-importance/update.py ---

🏀 NBA Tracker
========================================
📡 Fetching game results from NBA API...
   Regular Season: 1230 games
   PlayIn: 6 games
   Playoffs: 69 games
   ✅ 1300 completed games found.
🧮 Calculating SRS...
   ✅ SRS calculated.
📡 Fetching current standings...
   ✅ Standings fetched for 30 teams.
🔍 Detecting season mode...
   ✅ Mode: PLAYOFFS (completed games found)
📡 Fetching play-in data...
   ✅ 6 play-in games found.
📡 Fetching playoff series data...
   ✅ 15 playoff series found (via schedule).
🎲 Running Monte Carlo (10,000 simulations)...
   ✅ Done. Top 3: [('OKC', 0.4722), ('SAS', 0.3257), ('NYK', 0.1567)]
🎨 Building playoff HTML...
   ✅ playoff.html updated.

========================================
✅ Done! Open playoff.html in your browser.
   index.html now redirects to playoff.html.
--- git ---
fatal: Unable to read current working directory: Operation not permitted
fatal: Unable to read current working directory: Operation not permitted
fatal: Unable to read current working directory: Operation not permitted
fatal: Unable to read current working directory: Operation not permitted
Pushed to GitHub.
=== Done: Mon May 18 04:09:02 CDT 2026 ===
