=== Daily update started: Mon May 11 04:03:54 CDT 2026 ===
--- mlb-newspaper/update.py ---

Fetching 2026-05-10...
  Washington Nationals @ Miami Marlins ... ok
  Athletics @ Baltimore Orioles ... ok
  Tampa Bay Rays @ Boston Red Sox ... ok
  Colorado Rockies @ Philadelphia Phillies ... ok
  Los Angeles Angels @ Toronto Blue Jays ... ok
  Houston Astros @ Cincinnati Reds ... ok
  Minnesota Twins @ Cleveland Guardians ... ok
  Seattle Mariners @ Chicago White Sox ... ok
  New York Yankees @ Milwaukee Brewers ... ok
  Chicago Cubs @ Texas Rangers ... ok
  Pittsburgh Pirates @ San Francisco Giants ... ok
  New York Mets @ Arizona Diamondbacks ... ok
  St. Louis Cardinals @ San Diego Padres ... ok
  Atlanta Braves @ Los Angeles Dodgers ... ok
  Detroit Tigers @ Kansas City Royals ... ok
  Fetching standings for 2026-05-10... ok
  Fetching leaders for 2026-05-10... ok
  15 games fetched.

Refreshing probables 2026-05-11 → 2026-05-18... ok
  Cache saved (3398 KB)

Generating HTML...
Done -> index.html (3306 KB)

Usage:
  python3 update.py                   # yesterday
  python3 update.py 2026-03-24        # specific date
  python3 update.py --schedule 2026   # load full season schedule
  python3 update.py --clear-year 2025 # remove a year from cache
  python3 update.py --rebuild         # regenerate HTML from cache
--- mlb-newspaper/update_nyt.py ---
Generating nyt.html...
Done -> nyt.html (3305 KB)
--- nba-importance/update.py ---

🏀 NBA Tracker
========================================
📡 Fetching game results from NBA API...
   Regular Season: 1230 games
   PlayIn: 6 games
   Playoffs: 62 games
   ✅ 1293 completed games found.
🧮 Calculating SRS...
   ✅ SRS calculated.
📡 Fetching current standings...
   ✅ Standings fetched for 30 teams.
🔍 Detecting season mode...
   ✅ Mode: PLAYOFFS (completed games found)
📡 Fetching play-in data...
   ✅ 6 play-in games found.
📡 Fetching playoff series data...
   ✅ 13 playoff series found (via schedule).
🎲 Running Monte Carlo (10,000 simulations)...
   ✅ Done. Top 3: [('OKC', 0.5105), ('SAS', 0.2133), ('DET', 0.1476)]
🎨 Building playoff HTML...
   ✅ playoff.html updated.

========================================
✅ Done! Open playoff.html in your browser.
   index.html now redirects to playoff.html.
--- git ---
fatal: Unable to read current working directory: Operation not permitted
fatal: Unable to read current working directory: Operation not permitted
fatal: Unable to read current working directory: Operation not permitted
fatal: Unable to read current working directory: Operation not permitted
Pushed to GitHub.
=== Done: Mon May 11 04:09:16 CDT 2026 ===
