=== Daily update started: Wed May  6 04:00:15 CDT 2026 ===
--- mlb-newspaper/update.py ---

Fetching 2026-05-05...
  Boston Red Sox @ Detroit Tigers ... ok
  Toronto Blue Jays @ Tampa Bay Rays ... ok
  Athletics @ Philadelphia Phillies ... ok
  Baltimore Orioles @ Miami Marlins ... ok
  Minnesota Twins @ Washington Nationals ... ok
  Texas Rangers @ New York Yankees ... ok
  Cincinnati Reds @ Chicago Cubs ... ok
  Cleveland Guardians @ Kansas City Royals ... ok
  Los Angeles Dodgers @ Houston Astros ... ok
  Chicago White Sox @ Los Angeles Angels ... ok
  Pittsburgh Pirates @ Arizona Diamondbacks ... ok
  Atlanta Braves @ Seattle Mariners ... ok
  San Diego Padres @ San Francisco Giants ... ok
  Milwaukee Brewers @ St. Louis Cardinals ... ok
  New York Mets @ Colorado Rockies ... ok
  Fetching standings for 2026-05-05... ok
  Fetching leaders for 2026-05-05... ok
  15 games fetched.

Refreshing probables 2026-05-06 → 2026-05-13... ok
  Cache saved (3067 KB)

Generating HTML...
Done -> index.html (2989 KB)

Usage:
  python3 update.py                   # yesterday
  python3 update.py 2026-03-24        # specific date
  python3 update.py --schedule 2026   # load full season schedule
  python3 update.py --clear-year 2025 # remove a year from cache
  python3 update.py --rebuild         # regenerate HTML from cache
--- mlb-newspaper/update_nyt.py ---
Generating nyt.html...
Done -> nyt.html (2989 KB)
--- nba-importance/update.py ---

🏀 NBA Tracker
========================================
📡 Fetching game results from NBA API...
   Regular Season: 1230 games
   PlayIn: 6 games
   Playoffs: 52 games
   ✅ 1283 completed games found.
🧮 Calculating SRS...
   ✅ SRS calculated.
📡 Fetching current standings...
   ✅ Standings fetched for 30 teams.
🔍 Detecting season mode...
   ✅ Mode: PLAYOFFS (completed games found)
📡 Fetching play-in data...
   ✅ 6 play-in games found.
📡 Fetching playoff series data...
   ✅ 13 playoff series found (via schedule).
🎲 Running Monte Carlo (10,000 simulations)...
   ✅ Done. Top 3: [('OKC', 0.4744), ('SAS', 0.2133), ('DET', 0.1865)]
🎨 Building playoff HTML...
   ✅ playoff.html updated.

========================================
✅ Done! Open playoff.html in your browser.
   index.html now redirects to playoff.html.
--- git ---
fatal: Unable to read current working directory: Operation not permitted
fatal: Unable to read current working directory: Operation not permitted
fatal: Unable to read current working directory: Operation not permitted
fatal: Unable to read current working directory: Operation not permitted
Pushed to GitHub.
=== Done: Wed May  6 04:14:58 CDT 2026 ===
