=== Daily update started: Tue May 26 04:05:20 CDT 2026 ===
--- mlb-newspaper/update.py ---

Fetching 2026-05-25...
  Chicago Cubs @ Pittsburgh Pirates ... ok
  Tampa Bay Rays @ Baltimore Orioles ... ok
  Minnesota Twins @ Chicago White Sox ... ok
  St. Louis Cardinals @ Milwaukee Brewers ... ok
  New York Yankees @ Kansas City Royals ... ERROR: ('Connection aborted.', ConnectionResetError(54, 'Connection reset by peer'))
  Cincinnati Reds @ New York Mets ... ok
  Arizona Diamondbacks @ San Francisco Giants ... ok
  Washington Nationals @ Cleveland Guardians ... ok
  Philadelphia Phillies @ San Diego Padres ... ok
  Houston Astros @ Texas Rangers ... ok
  Miami Marlins @ Toronto Blue Jays ... ok
  Colorado Rockies @ Los Angeles Dodgers ... ok
  Seattle Mariners @ Athletics ... ok
  Fetching standings for 2026-05-25... ok
  Fetching leaders for 2026-05-25... ok
  12 games fetched.

Refreshing probables 2026-05-26 → 2026-06-02... ok
  Cache saved (4344 KB)

Generating HTML...
Done -> index.html (4147 KB)

Usage:
  python3 update.py                   # yesterday
  python3 update.py 2026-03-24        # specific date
  python3 update.py --schedule 2026   # load full season schedule
  python3 update.py --clear-year 2025 # remove a year from cache
  python3 update.py --rebuild         # regenerate HTML from cache
--- mlb-newspaper/update_nyt.py ---
Generating nyt.html...
Done -> nyt.html (4146 KB)
--- nba-importance/update.py ---

🏀 NBA Tracker
========================================
📡 Fetching game results from NBA API...
   Regular Season: 1230 games
   PlayIn: 6 games
   Playoffs: 77 games
   ✅ 1308 completed games found.
🧮 Calculating SRS...
   ✅ SRS calculated.
📡 Fetching current standings...
   ✅ Standings fetched for 30 teams.
🔍 Detecting season mode...
   Playoff check error: HTTPSConnectionPool(host='stats.nba.com', port=443): Read timed out. (read timeout=30)
   ✅ Mode: PLAYOFFS (87 games scheduled, none completed yet)
📡 Fetching play-in data...
   ✅ 6 play-in games found.
📡 Fetching playoff series data...
   ✅ 15 playoff series found (via schedule).
🎲 Running Monte Carlo (10,000 simulations)...
   ✅ Done. Top 3: [('OKC', 0.4227), ('SAS', 0.2943), ('NYK', 0.283)]
🎨 Building playoff HTML...
   ✅ playoff.html updated.

========================================
✅ Done! Open playoff.html in your browser.
   index.html now redirects to playoff.html.
--- git ---
fatal: Unable to read current working directory: Operation not permitted
fatal: Unable to read current working directory: Operation not permitted
fatal: Unable to read current working directory: Operation not permitted
fatal: Unable to read current working directory: Operation not permitted
Pushed to GitHub.
=== Done: Tue May 26 05:10:36 CDT 2026 ===
