=== Daily update started: Mon Jun 15 04:09:06 CDT 2026 ===
--- mlb-newspaper/update.py ---

Fetching 2026-06-14...
  Miami Marlins @ Pittsburgh Pirates ... ok
  San Diego Padres @ Baltimore Orioles ... ok
  Seattle Mariners @ Washington Nationals ... ok
  New York Yankees @ Toronto Blue Jays ... ERROR: ('Connection aborted.', ConnectionResetError(54, 'Connection reset by peer'))
  Arizona Diamondbacks @ Cincinnati Reds ... ok
  Atlanta Braves @ New York Mets ... ok
  Houston Astros @ Kansas City Royals ... ok
  St. Louis Cardinals @ Minnesota Twins ... ok
  Los Angeles Dodgers @ Chicago White Sox ... ok
  Philadelphia Phillies @ Milwaukee Brewers ... ok
  Colorado Rockies @ Athletics ... ok
  Chicago Cubs @ San Francisco Giants ... ok
  Tampa Bay Rays @ Los Angeles Angels ... ok
  Texas Rangers @ Boston Red Sox ... ok
  Detroit Tigers @ Cleveland Guardians ... ok
  Fetching standings for 2026-06-14... ok
  Fetching leaders for 2026-06-14... ok
  14 games fetched.

Refreshing probables 2026-06-15 → 2026-06-22... ok
  Cache saved (5540 KB)

Generating HTML...
Done -> index.html (4069 KB)

Usage:
  python3 update.py                   # yesterday
  python3 update.py 2026-03-24        # specific date
  python3 update.py --schedule 2026   # load full season schedule
  python3 update.py --clear-year 2025 # remove a year from cache
  python3 update.py --rebuild         # regenerate HTML from cache
--- mlb-newspaper/update_nyt.py ---
Generating nyt.html...
Done -> nyt.html (4068 KB)
--- nba-importance/update.py ---

🏀 NBA Tracker
========================================
📡 Fetching game results from NBA API...
   Regular Season: 1230 games
   PlayIn: 6 games
   Playoffs: 85 games
   ✅ 1316 completed games found.
🧮 Calculating SRS...
   ✅ SRS calculated.
📡 Fetching current standings...
   ✅ Standings fetched for 30 teams.
🔍 Detecting season mode...
   ✅ Mode: PLAYOFFS (completed games found)
📡 Fetching play-in data...
   Play-in results fetch error: ('Connection aborted.', ConnectionResetError(54, 'Connection reset by peer'))
   ✅ 6 play-in games found.
📡 Fetching playoff series data...
   ✅ 15 playoff series found (via schedule).
🎲 Running Monte Carlo (10,000 simulations)...
   ✅ Done. Top 3: [('NYK', 1.0)]
🎨 Building playoff HTML...
   ✅ playoff.html updated.

========================================
✅ Done! Open playoff.html in your browser.
   index.html now redirects to playoff.html.
--- git ---
fatal: Unable to read current working directory: Operation not permitted
fatal: Unable to read current working directory: Operation not permitted
fatal: Unable to read current working directory: Operation not permitted
fatal: Unable to read current working directory: Operation not permitted
Pushed to GitHub.
=== Done: Mon Jun 15 04:25:31 CDT 2026 ===
