=== Daily update started: Tue Jun  9 04:04:09 CDT 2026 ===
--- mlb-newspaper/update.py ---

Fetching 2026-06-08...
  Seattle Mariners @ Baltimore Orioles ... ok
  Boston Red Sox @ Tampa Bay Rays ... ok
  New York Yankees @ Cleveland Guardians ... ok
  Philadelphia Phillies @ Toronto Blue Jays ... ok
  Houston Astros @ Los Angeles Angels ... ok
  Cincinnati Reds @ San Diego Padres ... ERROR: ('Connection aborted.', ConnectionResetError(54, 'Connection reset by peer'))
  Washington Nationals @ San Francisco Giants ... ok
  Milwaukee Brewers @ Athletics ... ok
  Fetching standings for 2026-06-08... ok
  Fetching leaders for 2026-06-08... ok
  7 games fetched.

Refreshing probables 2026-06-09 → 2026-06-16... ok
  Cache saved (5154 KB)

Generating HTML...
Done -> index.html (4073 KB)

Usage:
  python3 update.py                   # yesterday
  python3 update.py 2026-03-24        # specific date
  python3 update.py --schedule 2026   # load full season schedule
  python3 update.py --clear-year 2025 # remove a year from cache
  python3 update.py --rebuild         # regenerate HTML from cache
--- mlb-newspaper/update_nyt.py ---
Generating nyt.html...
Done -> nyt.html (4072 KB)
--- nba-importance/update.py ---

🏀 NBA Tracker
========================================
📡 Fetching game results from NBA API...
   Regular Season: 1230 games
   PlayIn: 6 games
   Playoffs: 83 games
   ✅ 1314 completed games found.
🧮 Calculating SRS...
   ✅ SRS calculated.
📡 Fetching current standings...
   ✅ Standings fetched for 30 teams.
🔍 Detecting season mode...
   ✅ Mode: PLAYOFFS (completed games found)
📡 Fetching play-in data...
   ✅ 6 play-in games found.
📡 Fetching playoff series data...
   ✅ 15 playoff series found (via schedule).
🎲 Running Monte Carlo (10,000 simulations)...
   ✅ Done. Top 3: [('NYK', 0.5918), ('SAS', 0.4082)]
🎨 Building playoff HTML...
   ✅ playoff.html updated.

========================================
✅ Done! Open playoff.html in your browser.
   index.html now redirects to playoff.html.
--- git ---
fatal: Unable to read current working directory: Operation not permitted
fatal: Unable to read current working directory: Operation not permitted
fatal: Unable to read current working directory: Operation not permitted
fatal: Unable to read current working directory: Operation not permitted
Pushed to GitHub.
=== Done: Tue Jun  9 04:38:13 CDT 2026 ===
