=== Daily update started: Fri Jun 12 04:00:20 CDT 2026 ===
--- mlb-newspaper/update.py ---

Fetching 2026-06-11...
  St. Louis Cardinals @ New York Mets ... ok
  Minnesota Twins @ Detroit Tigers ... ok
  Arizona Diamondbacks @ Miami Marlins ... ok
  Texas Rangers @ Kansas City Royals ... ERROR: ('Connection aborted.', ConnectionResetError(54, 'Connection reset by peer'))
  Chicago Cubs @ Colorado Rockies ... ok
  Los Angeles Dodgers @ Pittsburgh Pirates ... ok
  Seattle Mariners @ Baltimore Orioles ... ok
  Atlanta Braves @ Chicago White Sox ... ok
  Fetching standings for 2026-06-11... ok
  Fetching leaders for 2026-06-11... ok
  7 games fetched.

Refreshing probables 2026-06-12 → 2026-06-19... ok
  Cache saved (5325 KB)

Generating HTML...
Done -> index.html (4063 KB)

Usage:
  python3 update.py                   # yesterday
  python3 update.py 2026-03-24        # specific date
  python3 update.py --schedule 2026   # load full season schedule
  python3 update.py --clear-year 2025 # remove a year from cache
  python3 update.py --rebuild         # regenerate HTML from cache
--- mlb-newspaper/update_nyt.py ---
Generating nyt.html...
Done -> nyt.html (4063 KB)
--- nba-importance/update.py ---

🏀 NBA Tracker
========================================
📡 Fetching game results from NBA API...
   Regular Season: 1230 games
   PlayIn: 6 games
   Playoffs: 84 games
   ✅ 1315 completed games found.
🧮 Calculating SRS...
   ✅ SRS calculated.
📡 Fetching current standings...
   ✅ Standings fetched for 30 teams.
🔍 Detecting season mode...
   ✅ Mode: PLAYOFFS (completed games found)
📡 Fetching play-in data...
   ✅ 6 play-in games found.
📡 Fetching playoff series data...
   ✅ 15 playoff series found (via schedule).
🎲 Running Monte Carlo (10,000 simulations)...
   ✅ Done. Top 3: [('NYK', 0.7945), ('SAS', 0.2055)]
🎨 Building playoff HTML...
   ✅ playoff.html updated.

========================================
✅ Done! Open playoff.html in your browser.
   index.html now redirects to playoff.html.
--- git ---
fatal: Unable to read current working directory: Operation not permitted
fatal: Unable to read current working directory: Operation not permitted
fatal: Unable to read current working directory: Operation not permitted
fatal: Unable to read current working directory: Operation not permitted
Pushed to GitHub.
=== Done: Fri Jun 12 04:22:12 CDT 2026 ===
