=== Daily update started: Fri May 29 04:06:53 CDT 2026 ===
--- mlb-newspaper/update.py ---

Fetching 2026-05-28...
  Los Angeles Angels @ Detroit Tigers ... ok
  Minnesota Twins @ Chicago White Sox ... ok
  Atlanta Braves @ Boston Red Sox ... ok
  Toronto Blue Jays @ Baltimore Orioles ... ok
  Chicago Cubs @ Pittsburgh Pirates ... ok
  Houston Astros @ Texas Rangers ... ok
  Fetching standings for 2026-05-28... ok
  Fetching leaders for 2026-05-28... ok
  6 games fetched.

Refreshing probables 2026-05-29 → 2026-06-05... ok
  Cache saved (4521 KB)

Generating HTML...
Done -> index.html (4143 KB)

Usage:
  python3 update.py                   # yesterday
  python3 update.py 2026-03-24        # specific date
  python3 update.py --schedule 2026   # load full season schedule
  python3 update.py --clear-year 2025 # remove a year from cache
  python3 update.py --rebuild         # regenerate HTML from cache
--- mlb-newspaper/update_nyt.py ---
Generating nyt.html...
Done -> nyt.html (4142 KB)
--- nba-importance/update.py ---

🏀 NBA Tracker
========================================
📡 Fetching game results from NBA API...
   Regular Season: 1230 games
   PlayIn: 6 games
   Playoffs: 79 games
   ✅ 1310 completed games found.
🧮 Calculating SRS...
   ✅ SRS calculated.
📡 Fetching current standings...
   ✅ Standings fetched for 30 teams.
🔍 Detecting season mode...
   ✅ Mode: PLAYOFFS (completed games found)
📡 Fetching play-in data...
   ✅ 6 play-in games found.
📡 Fetching playoff series data...
   ✅ 15 playoff series found (via schedule).
🎲 Running Monte Carlo (10,000 simulations)...
   ✅ Done. Top 3: [('OKC', 0.4366), ('NYK', 0.2949), ('SAS', 0.2685)]
🎨 Building playoff HTML...
   ✅ playoff.html updated.

========================================
✅ Done! Open playoff.html in your browser.
   index.html now redirects to playoff.html.
--- git ---
fatal: Unable to read current working directory: Operation not permitted
fatal: Unable to read current working directory: Operation not permitted
fatal: Unable to read current working directory: Operation not permitted
fatal: Unable to read current working directory: Operation not permitted
Pushed to GitHub.
=== Done: Fri May 29 04:36:18 CDT 2026 ===
