=== Daily update started: Sun May 31 04:03:19 CDT 2026 ===
--- mlb-newspaper/update.py ---

Fetching 2026-05-30...
  Detroit Tigers @ Chicago White Sox ... ok
  San Diego Padres @ Washington Nationals ... ok
  Kansas City Royals @ Texas Rangers ... ok
  Toronto Blue Jays @ Baltimore Orioles ... ok
  Minnesota Twins @ Pittsburgh Pirates ... ok
  Boston Red Sox @ Cleveland Guardians ... ok
  Los Angeles Angels @ Tampa Bay Rays ... ok
  Miami Marlins @ New York Mets ... ok
  Milwaukee Brewers @ Houston Astros ... ok
  Chicago Cubs @ St. Louis Cardinals ... ok
  Atlanta Braves @ Cincinnati Reds ... ok
  San Francisco Giants @ Colorado Rockies ... ok
  New York Yankees @ Athletics ... ok
  Arizona Diamondbacks @ Seattle Mariners ... ok
  Philadelphia Phillies @ Los Angeles Dodgers ... ok
  Fetching standings for 2026-05-30... ok
  Fetching leaders for 2026-05-30... ok
  15 games fetched.

Refreshing probables 2026-05-31 → 2026-06-07... ok
  Cache saved (4668 KB)

Generating HTML...
Done -> index.html (4148 KB)

Usage:
  python3 update.py                   # yesterday
  python3 update.py 2026-03-24        # specific date
  python3 update.py --schedule 2026   # load full season schedule
  python3 update.py --clear-year 2025 # remove a year from cache
  python3 update.py --rebuild         # regenerate HTML from cache
--- mlb-newspaper/update_nyt.py ---
Generating nyt.html...
Done -> nyt.html (4147 KB)
--- nba-importance/update.py ---

🏀 NBA Tracker
========================================
📡 Fetching game results from NBA API...
   Regular Season: 1230 games
   PlayIn: 6 games
   Playoffs: 80 games
   ✅ 1311 completed games found.
🧮 Calculating SRS...
   ✅ SRS calculated.
📡 Fetching current standings...
   ✅ Standings fetched for 30 teams.
🔍 Detecting season mode...
   ✅ Mode: PLAYOFFS (completed games found)
📡 Fetching play-in data...
   ✅ 6 play-in games found.
📡 Fetching playoff series data...
   ✅ 15 playoff series found (via schedule).
🎲 Running Monte Carlo (10,000 simulations)...
   ✅ Done. Top 3: [('SAS', 0.6857), ('NYK', 0.3143)]
🎨 Building playoff HTML...
   ✅ playoff.html updated.

========================================
✅ Done! Open playoff.html in your browser.
   index.html now redirects to playoff.html.
--- git ---
fatal: Unable to read current working directory: Operation not permitted
fatal: Unable to read current working directory: Operation not permitted
fatal: Unable to read current working directory: Operation not permitted
fatal: Unable to read current working directory: Operation not permitted
Pushed to GitHub.
=== Done: Sun May 31 04:12:13 CDT 2026 ===
