=== Daily update started: Mon May 25 04:00:07 CDT 2026 ===
--- mlb-newspaper/update.py ---

Fetching 2026-05-24...
  Pittsburgh Pirates @ Toronto Blue Jays ... ok
  Detroit Tigers @ Baltimore Orioles ... ok
  Detroit Tigers @ Baltimore Orioles ... ok
  Minnesota Twins @ Boston Red Sox ... ERROR: ('Connection aborted.', ConnectionResetError(54, 'Connection reset by peer'))
  Cleveland Guardians @ Philadelphia Phillies ... ok
  Tampa Bay Rays @ New York Yankees ... ok
  New York Mets @ Miami Marlins ... ok
  Seattle Mariners @ Kansas City Royals ... ok
  Los Angeles Dodgers @ Milwaukee Brewers ... ok
  Houston Astros @ Chicago Cubs ... ok
  Chicago White Sox @ San Francisco Giants ... ok
  Colorado Rockies @ Arizona Diamondbacks ... ok
  Athletics @ San Diego Padres ... ok
  Washington Nationals @ Atlanta Braves ... ok
  Texas Rangers @ Los Angeles Angels ... ok
  St. Louis Cardinals @ Cincinnati Reds ... ok
  Fetching standings for 2026-05-24... ok
  Fetching leaders for 2026-05-24... ok
  15 games fetched.

Refreshing probables 2026-05-25 → 2026-06-01... ok
  Cache saved (4286 KB)

Generating HTML...
Done -> index.html (4148 KB)

Usage:
  python3 update.py                   # yesterday
  python3 update.py 2026-03-24        # specific date
  python3 update.py --schedule 2026   # load full season schedule
  python3 update.py --clear-year 2025 # remove a year from cache
  python3 update.py --rebuild         # regenerate HTML from cache
--- mlb-newspaper/update_nyt.py ---
Generating nyt.html...
Done -> nyt.html (4147 KB)
--- nba-importance/update.py ---

🏀 NBA Tracker
========================================
📡 Fetching game results from NBA API...
   Regular Season: 1230 games
   PlayIn: 6 games
   Playoffs: 76 games
   ✅ 1307 completed games found.
🧮 Calculating SRS...
   ✅ SRS calculated.
📡 Fetching current standings...
   ✅ Standings fetched for 30 teams.
🔍 Detecting season mode...
   ✅ Mode: PLAYOFFS (completed games found)
📡 Fetching play-in data...
   Play-in results fetch error: ('Connection aborted.', ConnectionResetError(54, 'Connection reset by peer'))
   ✅ 6 play-in games found.
📡 Fetching playoff series data...
   ✅ 15 playoff series found (via schedule).
🎲 Running Monte Carlo (10,000 simulations)...
   ✅ Done. Top 3: [('OKC', 0.4208), ('SAS', 0.3006), ('NYK', 0.2746)]
🎨 Building playoff HTML...
   ✅ playoff.html updated.

========================================
✅ Done! Open playoff.html in your browser.
   index.html now redirects to playoff.html.
--- git ---
fatal: Unable to read current working directory: Operation not permitted
fatal: Unable to read current working directory: Operation not permitted
fatal: Unable to read current working directory: Operation not permitted
fatal: Unable to read current working directory: Operation not permitted
Pushed to GitHub.
=== Done: Mon May 25 04:59:24 CDT 2026 ===
