=== Daily update started: Thu May 14 04:03:59 CDT 2026 ===
--- mlb-newspaper/update.py ---

Fetching 2026-05-13...
  New York Yankees @ Baltimore Orioles ... ok
  Los Angeles Angels @ Cleveland Guardians ... ok
  Washington Nationals @ Cincinnati Reds ... ok
  Colorado Rockies @ Pittsburgh Pirates ... ok
  Philadelphia Phillies @ Boston Red Sox ... ok
  Tampa Bay Rays @ Toronto Blue Jays ... ok
  Detroit Tigers @ New York Mets ... ok
  Chicago Cubs @ Atlanta Braves ... ok
  Kansas City Royals @ Chicago White Sox ... ok
  Miami Marlins @ Minnesota Twins ... ok
  San Diego Padres @ Milwaukee Brewers ... ok
  Arizona Diamondbacks @ Texas Rangers ... ok
  Seattle Mariners @ Houston Astros ... ok
  St. Louis Cardinals @ Athletics ... ok
  San Francisco Giants @ Los Angeles Dodgers ... ok
  Fetching standings for 2026-05-13... ok
  Fetching leaders for 2026-05-13... ok
  15 games fetched.

Refreshing probables 2026-05-14 → 2026-05-21... ok
  Cache saved (3575 KB)

Generating HTML...
Done -> index.html (3476 KB)

Usage:
  python3 update.py                   # yesterday
  python3 update.py 2026-03-24        # specific date
  python3 update.py --schedule 2026   # load full season schedule
  python3 update.py --clear-year 2025 # remove a year from cache
  python3 update.py --rebuild         # regenerate HTML from cache
--- mlb-newspaper/update_nyt.py ---
Generating nyt.html...
Done -> nyt.html (3475 KB)
--- nba-importance/update.py ---

🏀 NBA Tracker
========================================
📡 Fetching game results from NBA API...
   Regular Season: 1230 games
   PlayIn: 6 games
   Playoffs: 66 games
   ✅ 1297 completed games found.
🧮 Calculating SRS...
   ✅ SRS calculated.
📡 Fetching current standings...
   ✅ Standings fetched for 30 teams.
🔍 Detecting season mode...
   ✅ Mode: PLAYOFFS (completed games found)
📡 Fetching play-in data...
   ✅ 6 play-in games found.
📡 Fetching playoff series data...
   ✅ 13 playoff series found (via schedule).
🎲 Running Monte Carlo (10,000 simulations)...
   ✅ Done. Top 3: [('OKC', 0.4932), ('SAS', 0.2741), ('NYK', 0.1412)]
🎨 Building playoff HTML...
   ✅ playoff.html updated.

========================================
✅ Done! Open playoff.html in your browser.
   index.html now redirects to playoff.html.
--- git ---
fatal: Unable to read current working directory: Operation not permitted
fatal: Unable to read current working directory: Operation not permitted
fatal: Unable to read current working directory: Operation not permitted
fatal: Unable to read current working directory: Operation not permitted
Pushed to GitHub.
=== Done: Thu May 14 04:13:37 CDT 2026 ===
