=== Daily update started: Sun May 17 04:00:50 CDT 2026 ===
--- mlb-newspaper/update.py ---

Fetching 2026-05-16...
  Toronto Blue Jays @ Detroit Tigers ... ok
  Kansas City Royals @ St. Louis Cardinals ... ok
  Arizona Diamondbacks @ Colorado Rockies ... ok
  Baltimore Orioles @ Washington Nationals ... ok
  Philadelphia Phillies @ Pittsburgh Pirates ... ok
  Miami Marlins @ Tampa Bay Rays ... ok
  Cincinnati Reds @ Cleveland Guardians ... ok
  Texas Rangers @ Houston Astros ... ok
  Chicago Cubs @ Chicago White Sox ... ok
  Milwaukee Brewers @ Minnesota Twins ... ok
  San Diego Padres @ Seattle Mariners ... ok
  Boston Red Sox @ Atlanta Braves ... ok
  New York Yankees @ New York Mets ... ok
  Los Angeles Dodgers @ Los Angeles Angels ... ok
  San Francisco Giants @ Athletics ... ok
  Fetching standings for 2026-05-16... ok
  Fetching leaders for 2026-05-16... ok
  15 games fetched.

Refreshing probables 2026-05-17 → 2026-05-24... ok
  Cache saved (3765 KB)

Generating HTML...
Done -> index.html (3658 KB)

Usage:
  python3 update.py                   # yesterday
  python3 update.py 2026-03-24        # specific date
  python3 update.py --schedule 2026   # load full season schedule
  python3 update.py --clear-year 2025 # remove a year from cache
  python3 update.py --rebuild         # regenerate HTML from cache
--- mlb-newspaper/update_nyt.py ---
Generating nyt.html...
Done -> nyt.html (3657 KB)
--- nba-importance/update.py ---

🏀 NBA Tracker
========================================
📡 Fetching game results from NBA API...
   Regular Season: 1230 games
   PlayIn: 6 games
   Playoffs: 68 games
   ✅ 1299 completed games found.
🧮 Calculating SRS...
   ✅ SRS calculated.
📡 Fetching current standings...
   ✅ Standings fetched for 30 teams.
🔍 Detecting season mode...
   ✅ Mode: PLAYOFFS (completed games found)
📡 Fetching play-in data...
   ✅ 6 play-in games found.
📡 Fetching playoff series data...
   ✅ 14 playoff series found (via schedule).
🎲 Running Monte Carlo (10,000 simulations)...
   ✅ Done. Top 3: [('OKC', 0.447), ('SAS', 0.3009), ('DET', 0.1239)]
🎨 Building playoff HTML...
   ✅ playoff.html updated.

========================================
✅ Done! Open playoff.html in your browser.
   index.html now redirects to playoff.html.
--- git ---
fatal: Unable to read current working directory: Operation not permitted
fatal: Unable to read current working directory: Operation not permitted
fatal: Unable to read current working directory: Operation not permitted
fatal: Unable to read current working directory: Operation not permitted
Pushed to GitHub.
=== Done: Sun May 17 04:19:42 CDT 2026 ===
