=== Daily update started: Thu Jun  4 04:09:18 CDT 2026 ===
--- mlb-newspaper/update.py ---

Fetching 2026-06-03...
  Miami Marlins @ Washington Nationals ... ok
  Detroit Tigers @ Tampa Bay Rays ... ok
  Chicago White Sox @ Minnesota Twins ... ok
  New York Mets @ Seattle Mariners ... ok
  San Diego Padres @ Philadelphia Phillies ... ok
  Baltimore Orioles @ Boston Red Sox ... ok
  Cleveland Guardians @ New York Yankees ... ok
  Kansas City Royals @ Cincinnati Reds ... ok
  Toronto Blue Jays @ Atlanta Braves ... ok
  San Francisco Giants @ Milwaukee Brewers ... ok
  Texas Rangers @ St. Louis Cardinals ... ok
  Athletics @ Chicago Cubs ... ok
  Pittsburgh Pirates @ Houston Astros ... ok
  Colorado Rockies @ Los Angeles Angels ... ok
  Los Angeles Dodgers @ Arizona Diamondbacks ... ok
  Fetching standings for 2026-06-03... ok
  Fetching leaders for 2026-06-03... ok
  15 games fetched.

Refreshing probables 2026-06-04 → 2026-06-11... ok
  Cache saved (4921 KB)

Generating HTML...
Done -> index.html (4141 KB)

Usage:
  python3 update.py                   # yesterday
  python3 update.py 2026-03-24        # specific date
  python3 update.py --schedule 2026   # load full season schedule
  python3 update.py --clear-year 2025 # remove a year from cache
  python3 update.py --rebuild         # regenerate HTML from cache
--- mlb-newspaper/update_nyt.py ---
Generating nyt.html...
Done -> nyt.html (4140 KB)
--- nba-importance/update.py ---

🏀 NBA Tracker
========================================
📡 Fetching game results from NBA API...
   Regular Season: 1230 games
   PlayIn: 6 games
   Playoffs: 81 games
   ✅ 1312 completed games found.
🧮 Calculating SRS...
   ✅ SRS calculated.
📡 Fetching current standings...
   ✅ Standings fetched for 30 teams.
🔍 Detecting season mode...
   ✅ Mode: PLAYOFFS (completed games found)
📡 Fetching play-in data...
   ✅ 6 play-in games found.
📡 Fetching playoff series data...
   ✅ 15 playoff series found (via schedule).
🎲 Running Monte Carlo (10,000 simulations)...
   ✅ Done. Top 3: [('NYK', 0.5371), ('SAS', 0.4629)]
🎨 Building playoff HTML...
   ✅ playoff.html updated.

========================================
✅ Done! Open playoff.html in your browser.
   index.html now redirects to playoff.html.
--- git ---
fatal: Unable to read current working directory: Operation not permitted
fatal: Unable to read current working directory: Operation not permitted
fatal: Unable to read current working directory: Operation not permitted
fatal: Unable to read current working directory: Operation not permitted
Pushed to GitHub.
=== Done: Thu Jun  4 04:13:34 CDT 2026 ===
