=== Daily update started: Wed May 20 04:01:40 CDT 2026 ===
--- mlb-newspaper/update.py ---

Fetching 2026-05-19...
  Atlanta Braves @ Miami Marlins ... ok
  Cleveland Guardians @ Detroit Tigers ... ok
  Baltimore Orioles @ Tampa Bay Rays ... ok
  Cincinnati Reds @ Philadelphia Phillies ... ok
  New York Mets @ Washington Nationals ... ok
  Toronto Blue Jays @ New York Yankees ... ok
  Boston Red Sox @ Kansas City Royals ... ok
  Houston Astros @ Minnesota Twins ... ok
  Milwaukee Brewers @ Chicago Cubs ... ok
  Pittsburgh Pirates @ St. Louis Cardinals ... ok
  Texas Rangers @ Colorado Rockies ... ok
  Athletics @ Los Angeles Angels ... ok
  Los Angeles Dodgers @ San Diego Padres ... ok
  San Francisco Giants @ Arizona Diamondbacks ... ok
  Chicago White Sox @ Seattle Mariners ... ok
  Fetching standings for 2026-05-19... ok
  Fetching leaders for 2026-05-19... ok
  15 games fetched.

Refreshing probables 2026-05-20 → 2026-05-27... ok
  Cache saved (3983 KB)

Generating HTML...
Done -> index.html (3868 KB)

Usage:
  python3 update.py                   # yesterday
  python3 update.py 2026-03-24        # specific date
  python3 update.py --schedule 2026   # load full season schedule
  python3 update.py --clear-year 2025 # remove a year from cache
  python3 update.py --rebuild         # regenerate HTML from cache
--- mlb-newspaper/update_nyt.py ---
Generating nyt.html...
Done -> nyt.html (3867 KB)
--- nba-importance/update.py ---

🏀 NBA Tracker
========================================
📡 Fetching game results from NBA API...
   Regular Season: 1230 games
   PlayIn: 6 games
   Playoffs: 71 games
   ✅ 1302 completed games found.
🧮 Calculating SRS...
   ✅ SRS calculated.
📡 Fetching current standings...
   ✅ Standings fetched for 30 teams.
🔍 Detecting season mode...
   ✅ Mode: PLAYOFFS (completed games found)
📡 Fetching play-in data...
   ✅ 6 play-in games found.
📡 Fetching playoff series data...
   ✅ 15 playoff series found (via schedule).
🎲 Running Monte Carlo (10,000 simulations)...
   ✅ Done. Top 3: [('SAS', 0.4817), ('OKC', 0.2934), ('NYK', 0.1933)]
🎨 Building playoff HTML...
   ✅ playoff.html updated.

========================================
✅ Done! Open playoff.html in your browser.
   index.html now redirects to playoff.html.
--- git ---
fatal: Unable to read current working directory: Operation not permitted
fatal: Unable to read current working directory: Operation not permitted
fatal: Unable to read current working directory: Operation not permitted
fatal: Unable to read current working directory: Operation not permitted
Pushed to GitHub.
=== Done: Wed May 20 04:11:52 CDT 2026 ===
