=== Daily update started: Tue Apr 28 04:02:40 CDT 2026 ===
--- mlb-newspaper/update.py ---

Fetching 2026-04-27...
  Tampa Bay Rays @ Cleveland Guardians ... ok
  St. Louis Cardinals @ Pittsburgh Pirates ... ok
  Boston Red Sox @ Toronto Blue Jays ... ok
  Seattle Mariners @ Minnesota Twins ... ok
  Los Angeles Angels @ Chicago White Sox ... ERROR: HTTPSConnectionPool(host='statsapi.mlb.com', port=443): Read timed out. (read timeout=20)
  New York Yankees @ Texas Rangers ... ok
  Chicago Cubs @ San Diego Padres ... ok
  Miami Marlins @ Los Angeles Dodgers ... ok
  Fetching standings for 2026-04-27... ok
  Fetching leaders for 2026-04-27... ok
  7 games fetched.

Refreshing probables 2026-04-28 → 2026-05-05... ok
  Cache saved (2521 KB)

Generating HTML...
Done -> index.html (2466 KB)

Usage:
  python3 update.py                   # yesterday
  python3 update.py 2026-03-24        # specific date
  python3 update.py --schedule 2026   # load full season schedule
  python3 update.py --clear-year 2025 # remove a year from cache
  python3 update.py --rebuild         # regenerate HTML from cache
--- mlb-newspaper/update_nyt.py ---
Generating nyt.html...
Done -> nyt.html (2465 KB)
--- nba-importance/update.py ---

🏀 NBA Tracker
========================================
📡 Fetching game results from NBA API...
   Regular Season fetch error (skipping): ("Connection broken: ConnectionResetError(54, 'Connection reset by peer')", ConnectionResetError(54, 'Connection reset by peer'))
   PlayIn: 6 games
   Playoffs: 33 games
   ✅ 39 completed games found.
🧮 Calculating SRS...
   ✅ SRS calculated.
📡 Fetching current standings...
   ✅ Standings fetched for 30 teams.
🔍 Detecting season mode...
   ✅ Mode: PLAYOFFS (completed games found)
📡 Fetching play-in data...
   ✅ 6 play-in games found.
📡 Fetching playoff series data...
   ✅ 9 playoff series found (via schedule).
🎲 Running Monte Carlo (10,000 simulations)...
   ✅ Done. Top 3: [('NYK', 0.4393), ('MIN', 0.2212), ('BOS', 0.2039)]
🎨 Building playoff HTML...
   ✅ playoff.html updated.

========================================
✅ Done! Open playoff.html in your browser.
   index.html now redirects to playoff.html.
--- git ---
fatal: Unable to read current working directory: Operation not permitted
fatal: Unable to read current working directory: Operation not permitted
fatal: Unable to read current working directory: Operation not permitted
fatal: Unable to read current working directory: Operation not permitted
Pushed to GitHub.
=== Done: Tue Apr 28 04:27:00 CDT 2026 ===
