=== Daily update started: Wed Jun 10 04:12:15 CDT 2026 ===
--- mlb-newspaper/update.py ---

Fetching 2026-06-09...
  Seattle Mariners @ Baltimore Orioles ... ok
  Los Angeles Dodgers @ Pittsburgh Pirates ... ok
  Boston Red Sox @ Tampa Bay Rays ... ok
  Minnesota Twins @ Detroit Tigers ... ok
  Arizona Diamondbacks @ Miami Marlins ... ok
  New York Yankees @ Cleveland Guardians ... ok
  Philadelphia Phillies @ Toronto Blue Jays ... ok
  St. Louis Cardinals @ New York Mets ... ok
  Texas Rangers @ Kansas City Royals ... ok
  Atlanta Braves @ Chicago White Sox ... ok
  Chicago Cubs @ Colorado Rockies ... ok
  Houston Astros @ Los Angeles Angels ... ok
  Cincinnati Reds @ San Diego Padres ... ok
  Washington Nationals @ San Francisco Giants ... ok
  Milwaukee Brewers @ Athletics ... ok
  Fetching standings for 2026-06-09... ok
  Fetching leaders for 2026-06-09... ok
  15 games fetched.

Refreshing probables 2026-06-10 → 2026-06-17... ok
  Cache saved (5232 KB)

Generating HTML...
Done -> index.html (4119 KB)

Usage:
  python3 update.py                   # yesterday
  python3 update.py 2026-03-24        # specific date
  python3 update.py --schedule 2026   # load full season schedule
  python3 update.py --clear-year 2025 # remove a year from cache
  python3 update.py --rebuild         # regenerate HTML from cache
--- mlb-newspaper/update_nyt.py ---
Generating nyt.html...
Done -> nyt.html (4118 KB)
--- nba-importance/update.py ---

🏀 NBA Tracker
========================================
📡 Fetching game results from NBA API...
   Regular Season: 1230 games
   PlayIn: 6 games
   Playoffs: 83 games
   ✅ 1314 completed games found.
🧮 Calculating SRS...
   ✅ SRS calculated.
📡 Fetching current standings...
   ✅ Standings fetched for 30 teams.
🔍 Detecting season mode...
   ✅ Mode: PLAYOFFS (completed games found)
📡 Fetching play-in data...
   ✅ 6 play-in games found.
📡 Fetching playoff series data...
   ✅ 15 playoff series found (via schedule).
🎲 Running Monte Carlo (10,000 simulations)...
   ✅ Done. Top 3: [('NYK', 0.5994), ('SAS', 0.4006)]
🎨 Building playoff HTML...
   ✅ playoff.html updated.

========================================
✅ Done! Open playoff.html in your browser.
   index.html now redirects to playoff.html.
--- git ---
fatal: Unable to read current working directory: Operation not permitted
fatal: Unable to read current working directory: Operation not permitted
fatal: Unable to read current working directory: Operation not permitted
fatal: Unable to read current working directory: Operation not permitted
Pushed to GitHub.
=== Done: Wed Jun 10 04:14:41 CDT 2026 ===
